
> ai-workflow@0.1.0 test:run /app
> vitest run


[1m[46m RUN [49m[22m [36mv4.0.8 [39m[90m/app[39m

 [32m✓[39m components/workflow-builder/__tests__/properties-panel-accessibility.test.tsx [2m([22m[2m2 tests[22m[2m)[22m[33m 781[2mms[22m[39m
     [33m[2m✓[22m[39m renders as a region with labelled-by when a node is selected [33m 746[2mms[22m[39m
 [32m✓[39m components/workflow-builder/__tests__/properties-panel.guardrails.test.tsx [2m([22m[2m3 tests[22m[2m)[22m[33m 1237[2mms[22m[39m
     [33m[2m✓[22m[39m renders guardrails switches with labels [33m 712[2mms[22m[39m
 [32m✓[39m components/ai-elements/__tests__/node-visual-improvements.test.tsx [2m([22m[2m13 tests[22m[2m)[22m[33m 1266[2mms[22m[39m
       [33m[2m✓[22m[39m enhances suggestion buttons with better hover effects [33m 463[2mms[22m[39m
       [33m[2m✓[22m[39m maintains proper ARIA labels and roles [33m 311[2mms[22m[39m
 [32m✓[39m components/kokonutui/__tests__/toolbar.test.tsx [2m([22m[2m3 tests[22m[2m)[22m[33m 802[2mms[22m[39m
     [33m[2m✓[22m[39m renders only Select and Move when visibleItems provided [33m 513[2mms[22m[39m
 [32m✓[39m components/workflow-builder/__tests__/node-library.accessibility.test.tsx [2m([22m[2m1 test[22m[2m)[22m[33m 532[2mms[22m[39m
     [33m[2m✓[22m[39m renders items as buttons with accessible labels and supports keyboard activation [33m 530[2mms[22m[39m
 [32m✓[39m components/workflow-builder/__tests__/bottom-controls.tabs.test.tsx [2m([22m[2m2 tests[22m[2m)[22m[33m 597[2mms[22m[39m
     [33m[2m✓[22m[39m renders toolbar and triggers actions [33m 458[2mms[22m[39m
 [32m✓[39m components/ai-elements/__tests__/edge-contrast.test.tsx [2m([22m[2m2 tests[22m[2m)[22m[32m 270[2mms[22m[39m
 [32m✓[39m components/workflow-builder/__tests__/bottom-controls.accessibility.test.tsx [2m([22m[2m1 test[22m[2m)[22m[33m 478[2mms[22m[39m
     [33m[2m✓[22m[39m renders accessible actions and supports keyboard navigation [33m 467[2mms[22m[39m
 [32m✓[39m components/workflow-builder/__tests__/export-dialog.test.tsx [2m([22m[2m1 test[22m[2m)[22m[33m 409[2mms[22m[39m
     [33m[2m✓[22m[39m renders preview when open [33m 405[2mms[22m[39m
 [32m✓[39m lib/workflow/schema/__tests__/schema-validation.test.ts [2m([22m[2m2 tests[22m[2m)[22m[32m 129[2mms[22m[39m
 [32m✓[39m components/ai-elements/__tests__/edge-animations.test.tsx [2m([22m[2m1 test[22m[2m)[22m[32m 244[2mms[22m[39m
 [32m✓[39m components/workflow-builder/__tests__/pattern-visuals.test.tsx [2m([22m[2m3 tests[22m[2m)[22m[32m 157[2mms[22m[39m
[90mstderr[2m | components/ai-elements/__tests__/trackpad-navigation.test.tsx[2m > [22m[2mTrackpad navigation[2m > [22m[2mpans on wheel deltas
[22m[39mAn update to FakeCanvas inside a test was not wrapped in act(...).

When testing, code that causes React state updates should be wrapped into act(...):

act(() => {
  /* fire events that update state */
});
/* assert on the output */

This ensures that you're testing the behavior the user would see in the browser. Learn more at https://react.dev/link/wrap-tests-with-act

[90mstderr[2m | components/ai-elements/__tests__/trackpad-navigation.test.tsx[2m > [22m[2mTrackpad navigation[2m > [22m[2mzooms with ctrlKey pinch wheel
[22m[39mAn update to FakeCanvas inside a test was not wrapped in act(...).

When testing, code that causes React state updates should be wrapped into act(...):

act(() => {
  /* fire events that update state */
});
/* assert on the output */

This ensures that you're testing the behavior the user would see in the browser. Learn more at https://react.dev/link/wrap-tests-with-act
An update to FakeCanvas inside a test was not wrapped in act(...).

When testing, code that causes React state updates should be wrapped into act(...):

act(() => {
  /* fire events that update state */
});
/* assert on the output */

This ensures that you're testing the behavior the user would see in the browser. Learn more at https://react.dev/link/wrap-tests-with-act

 [32m✓[39m components/ai-elements/__tests__/trackpad-navigation.test.tsx [2m([22m[2m2 tests[22m[2m)[22m[32m 57[2mms[22m[39m
 [32m✓[39m components/workflow-builder/__tests__/lazy-editor-registry.test.tsx [2m([22m[2m1 test[22m[2m)[22m[32m 42[2mms[22m[39m
 [32m✓[39m components/ai-elements/__tests__/node-status-badges.test.tsx [2m([22m[2m1 test[22m[2m)[22m[32m 112[2mms[22m[39m
 [32m✓[39m lib/workflow/export/__tests__/serializers.test.ts [2m([22m[2m11 tests[22m[2m)[22m[32m 17[2mms[22m[39m
 [32m✓[39m lib/workflow/export/__tests__/validator.test.ts [2m([22m[2m11 tests[22m[2m)[22m[32m 9[2mms[22m[39m
 [32m✓[39m lib/workflow/__tests__/integration.test.ts [2m([22m[2m5 tests[22m[2m)[22m[32m 15[2mms[22m[39m
 [32m✓[39m lib/workflow/__tests__/conversion.test.ts [2m([22m[2m17 tests[22m[2m)[22m[32m 12[2mms[22m[39m
 [32m✓[39m lib/workflow/__tests__/edges.test.ts [2m([22m[2m12 tests[22m[2m)[22m[32m 9[2mms[22m[39m
(node:3410) [DEP0056] DeprecationWarning: The `util.isString` API is deprecated.  Please use `typeof arg === "string"` instead.
(Use `node --trace-deprecation ...` to show where the warning was created)
 [32m✓[39m app/__tests__/color-contrast.test.ts [2m([22m[2m2 tests[22m[2m)[22m[32m 9[2mms[22m[39m
 [32m✓[39m lib/workflow/__tests__/workflow.test.ts [2m([22m[2m13 tests[22m[2m)[22m[32m 10[2mms[22m[39m
 [32m✓[39m lib/config/__tests__/env.test.ts [2m([22m[2m2 tests[22m[2m)[22m[32m 7[2mms[22m[39m
 [32m✓[39m lib/workflow/__tests__/executors.test.ts [2m([22m[2m6 tests[22m[2m)[22m[32m 6[2mms[22m[39m
 [32m✓[39m lib/workflow/__tests__/history-throttle.test.ts [2m([22m[2m1 test[22m[2m)[22m[32m 4[2mms[22m[39m
 [32m✓[39m lib/workflow/__tests__/edge-groups.test.ts [2m([22m[2m1 test[22m[2m)[22m[32m 6[2mms[22m[39m
 [32m✓[39m lib/workflow/export/__tests__/topology-serialization.test.ts [2m([22m[2m1 test[22m[2m)[22m[32m 4[2mms[22m[39m
 [32m✓[39m lib/workflow/schema/__tests__/validator_bug.test.ts [2m([22m[2m1 test[22m[2m)[22m[32m 4[2mms[22m[39m

[2m Test Files [22m [1m[32m28 passed[39m[22m[90m (28)[39m
[2m      Tests [22m [1m[32m121 passed[39m[22m[90m (121)[39m
[2m   Start at [22m 23:40:22
[2m   Duration [22m 16.37s[2m (transform 2.38s, setup 2.51s, collect 10.99s, tests 7.23s, environment 21.40s, prepare 352ms)[22m
